
> frontend@0.0.0 build
> vite build

[36mvite v8.0.10 [32mbuilding client environment for production...[36m[39m
[2K
transforming...Γ£ô 2242 modules transformed.
node.exe : [31mΓ£ù[39m Build failed in 8.49s
At line:1 char:1
+ & "C:\Program Files\nodejs/node.exe" "C:\Program Files\nodejs/node_mo ...
+ ~~~~~~~~~~~~~~~~~~~~~~~~~~~~~~~~~~~~~~~~~~~~~~~~~~~~~~~~~~~~~~~~~~~~~
    + CategoryInfo          : NotSpecified: ([31mΓ£ù[39m Build failed in 8.49s:String) [], RemoteException
    + FullyQualifiedErrorId : NativeCommandError
 
[31merror during build:
[31mBuild failed with 2 errors:

[31m[PARSE_ERROR] Error:[0m Identifier `loading` has already been declared
    [38;5;246mΓò¡[0m[38;5;246mΓöÇ[0m[38;5;246m[[0m src/pages/generated/Login.jsx:18:9 [38;5;246m][0m
    [38;5;246mΓöé[0m
 [38;5;246m18 Γöé[0m [38;5;249m [0m[38;5;249m [0m[38;5;249m [0m[38;5;249m 
[0m[38;5;249mc[0m[38;5;249mo[0m[38;5;249mn[0m[38;5;249ms[0m[38;5;249mt[0m[38;5;249m 
[0m[38;5;249m[[0mloading[38;5;249m,[0m[38;5;249m [0m[38;5;249ms[0m[38;5;249me[0m[38;5;249mt[0m[38;5;249mL
[0m[38;5;249mo[0m[38;5;249ma[0m[38;5;249md[0m[38;5;249mi[0m[38;5;249mn[0m[38;5;249mg[0m[38;5;249m][0m[3
8;5;249m [0m[38;5;249m=[0m[38;5;249m [0m[38;5;249mu[0m[38;5;249ms[0m[38;5;249me[0m[38;5;249mS[0m[38;5;249
mt[0m[38;5;249ma[0m[38;5;249mt[0m[38;5;249me[0m[38;5;249m([0m[38;5;249mf[0m[38;5;249ma[0m[38;5;249ml[0m
[38;5;249ms[0m[38;5;249me[0m[38;5;249m)[0m[38;5;249m;[0m
 [38;5;240m   Γöé[0m            ΓöÇΓöÇΓöÇΓö¼ΓöÇΓöÇΓöÇ  
 [38;5;240m   Γöé[0m               Γò░ΓöÇΓöÇΓöÇΓöÇΓöÇ `loading` has already been declared here
 [38;5;246m19 Γöé[0m [38;5;249m [0m[38;5;249m [0m[38;5;249m [0m[38;5;249m 
[0m[38;5;249mc[0m[38;5;249mo[0m[38;5;249mn[0m[38;5;249ms[0m[38;5;249mt[0m[38;5;249m 
[0m[38;5;249m[[0mloading[38;5;249m,[0m[38;5;249m [0m[38;5;249ms[0m[38;5;249me[0m[38;5;249mt[0m[38;5;249mL
[0m[38;5;249mo[0m[38;5;249ma[0m[38;5;249md[0m[38;5;249mi[0m[38;5;249mn[0m[38;5;249mg[0m[38;5;249m][0m[3
8;5;249m [0m[38;5;249m=[0m[38;5;249m [0m[38;5;249mu[0m[38;5;249ms[0m[38;5;249me[0m[38;5;249mS[0m[38;5;249
mt[0m[38;5;249ma[0m[38;5;249mt[0m[38;5;249me[0m[38;5;249m([0m[38;5;249mf[0m[38;5;249ma[0m[38;5;249ml[0m
[38;5;249ms[0m[38;5;249me[0m[38;5;249m)[0m[38;5;249m;[0m
 [38;5;240m   Γöé[0m            ΓöÇΓöÇΓöÇΓö¼ΓöÇΓöÇΓöÇ  
 [38;5;240m   Γöé[0m               Γò░ΓöÇΓöÇΓöÇΓöÇΓöÇ It can not be redeclared here
[38;5;246mΓöÇΓöÇΓöÇΓöÇΓò»[0m

[31m[PARSE_ERROR] Error:[0m Identifier `setLoading` has already been declared
    [38;5;246mΓò¡[0m[38;5;246mΓöÇ[0m[38;5;246m[[0m src/pages/generated/Login.jsx:18:18 [38;5;246m][0m
    [38;5;246mΓöé[0m
 [38;5;246m18 Γöé[0m [38;5;249m [0m[38;5;249m [0m[38;5;249m [0m[38;5;249m 
[0m[38;5;249mc[0m[38;5;249mo[0m[38;5;249mn[0m[38;5;249ms[0m[38;5;249mt[0m[38;5;249m [0m[38;5;249m[[0m[3
8;5;249ml[0m[38;5;249mo[0m[38;5;249ma[0m[38;5;249md[0m[38;5;249mi[0m[38;5;249mn[0m[38;5;249mg[0m[38;5;249
m,[0m[38;5;249m [0msetLoading[38;5;249m][0m[38;5;249m [0m[38;5;249m=[0m[38;5;249m [0m[38;5;249mu[0m[38;5;
249ms[0m[38;5;249me[0m[38;5;249mS[0m[38;5;249mt[0m[38;5;249ma[0m[38;5;249mt[0m[38;5;249me[0m[38;5;249m([
0m[38;5;249mf[0m[38;5;249ma[0m[38;5;249ml[0m[38;5;249ms[0m[38;5;249me[0m[38;5;249m)[0m[38;5;249m;[0m
 [38;5;240m   Γöé[0m                     ΓöÇΓöÇΓöÇΓöÇΓöÇΓö¼ΓöÇΓöÇΓöÇΓöÇ  
 [38;5;240m   Γöé[0m                          Γò░ΓöÇΓöÇΓöÇΓöÇΓöÇΓöÇ `setLoading` has already been declared here
 [38;5;246m19 Γöé[0m [38;5;249m [0m[38;5;249m [0m[38;5;249m [0m[38;5;249m 
[0m[38;5;249mc[0m[38;5;249mo[0m[38;5;249mn[0m[38;5;249ms[0m[38;5;249mt[0m[38;5;249m [0m[38;5;249m[[0m[3
8;5;249ml[0m[38;5;249mo[0m[38;5;249ma[0m[38;5;249md[0m[38;5;249mi[0m[38;5;249mn[0m[38;5;249mg[0m[38;5;249
m,[0m[38;5;249m [0msetLoading[38;5;249m][0m[38;5;249m [0m[38;5;249m=[0m[38;5;249m [0m[38;5;249mu[0m[38;5;
249ms[0m[38;5;249me[0m[38;5;249mS[0m[38;5;249mt[0m[38;5;249ma[0m[38;5;249mt[0m[38;5;249me[0m[38;5;249m([
0m[38;5;249mf[0m[38;5;249ma[0m[38;5;249ml[0m[38;5;249ms[0m[38;5;249me[0m[38;5;249m)[0m[38;5;249m;[0m
 [38;5;240m   Γöé[0m                     ΓöÇΓöÇΓöÇΓöÇΓöÇΓö¼ΓöÇΓöÇΓöÇΓöÇ  
 [38;5;240m   Γöé[0m                          Γò░ΓöÇΓöÇΓöÇΓöÇΓöÇΓöÇ It can not be redeclared here
[38;5;246mΓöÇΓöÇΓöÇΓöÇΓò»[0m
[31m
    at aggregateBindingErrorsIntoJsError 
(file:///E:/Trello%20Project/frontend/node_modules/rolldown/dist/shared/error-DL-e8-oE.mjs:48:18)
    at unwrapBindingResult 
(file:///E:/Trello%20Project/frontend/node_modules/rolldown/dist/shared/error-DL-e8-oE.mjs:18:128)
    at #build 
(file:///E:/Trello%20Project/frontend/node_modules/rolldown/dist/shared/rolldown-build-DSxL8qiP.mjs:3317:34)
    at async buildEnvironment 
(file:///E:/Trello%20Project/frontend/node_modules/vite/dist/node/chunks/node.js:33018:64)
    at async Object.build (file:///E:/Trello%20Project/frontend/node_modules/vite/dist/node/chunks/node.js:33440:19)
    at async Object.buildApp 
(file:///E:/Trello%20Project/frontend/node_modules/vite/dist/node/chunks/node.js:33437:153)
    at async CAC.<anonymous> (file:///E:/Trello%20Project/frontend/node_modules/vite/dist/node/cli.js:778:3) {
  errors: [Getter/Setter]
}[39m
